Updating project

Version main
------------


Parsing Foo\Foo total: 49 errors
Parsing Models\LaravelModel total: 49 errors
Parsing IPv4Address total: 49 errors
Parsing MyContainer total: 49 errors
Parsing Collection total: 49 errors
Parsing DogCollection total: 49 errors
Parsing PersistentCollection total: 49 errors
Parsing Cat total: 49 errors
Parsing Foo total: 49 errors
Parsing Bar total: 49 errors
Parsing SuperCoolLibrary\Meta total: 49 errors
Parsing Net_Sample total: 49 errors
Parsing done

Rendering Global index.html
Rendering Global doc-index.html
Rendering Global namespaces.html
Rendering Global classes.html
Rendering Global interfaces.html
Rendering Global traits.html
Rendering Global opensearch.xml
Rendering Global search.html
Rendering Global doctum.js
Rendering Global doctum-search.json
Rendering Namespace [Global Namespace]
Rendering Namespace Foo
Rendering Namespace Illuminate
Rendering Namespace Illuminate\Database
Rendering Namespace Illuminate\Database\Eloquent
Rendering Namespace Models
Rendering Namespace SuperCoolLibrary
Rendering Class Bar
Rendering Class Cat
Rendering Class Collection
Rendering Class DogCollection
Rendering Class Foo
Rendering Class Foo\Foo
Rendering Class IPv4Address
Rendering Class Illuminate\Database\Eloquent\Builder
Rendering Class Models\LaravelModel
Rendering Class MyContainer
Rendering Class Net_Sample
Rendering Class PersistentCollection
Rendering Class SuperCoolLibrary\Meta
Rendering done


 Version    Updated C    Removed C 
     main           13            0


 Version    Updated C    Updated N    Removed C    Removed N 
     main           13            7            0            0

